[colorlib.com/preview/theme/karma/index.html]
[colorlib.com/preview/theme/karma/img/fav.png]
[backblue.gif]
[fade.gif]
[index.html]
[colorlib.com/preview/theme/karma/css/linearicons.css]
[colorlib.com/preview/theme/karma/css/font-awesome.min.css]
[colorlib.com/preview/theme/karma/css/themify-icons.css]
[colorlib.com/preview/theme/karma/css/bootstrap.css]
[colorlib.com/preview/theme/karma/css/owl.carousel.css]
[colorlib.com/preview/theme/karma/css/nice-select.css]
[colorlib.com/preview/theme/karma/css/nouislider.min.css]
[colorlib.com/preview/theme/karma/css/ion.rangeSlider.css]
[colorlib.com/preview/theme/karma/css/ion.rangeSlider.skinFlat.css]
[colorlib.com/preview/theme/karma/css/magnific-popup.css]
[colorlib.com/preview/theme/karma/css/main.css]
[colorlib.com/preview/theme/karma/img/logo.png]
[colorlib.com/preview/theme/karma/category.html]
[colorlib.com/preview/theme/karma/single-product.html]
[colorlib.com/preview/theme/karma/checkout.html]
[colorlib.com/preview/theme/karma/cart.html]
[colorlib.com/preview/theme/karma/confirmation.html]
[colorlib.com/preview/theme/karma/blog.html]
[colorlib.com/preview/theme/karma/single-blog.html]
[colorlib.com/preview/theme/karma/login.html]
[colorlib.com/preview/theme/karma/tracking.html]
[colorlib.com/preview/theme/karma/elements.html]
[colorlib.com/preview/theme/karma/contact.html]
[colorlib.com/preview/theme/karma/img/banner/banner-img.png]
[colorlib.com/preview/theme/karma/img/features/f-icon1.png]
[colorlib.com/preview/theme/karma/img/features/f-icon2.png]
[colorlib.com/preview/theme/karma/img/features/f-icon3.png]
[colorlib.com/preview/theme/karma/img/features/f-icon4.png]
[colorlib.com/preview/theme/karma/img/category/c1.jpg]
[colorlib.com/preview/theme/karma/img/category/c2.jpg]
[colorlib.com/preview/theme/karma/img/category/c3.jpg]
[colorlib.com/preview/theme/karma/img/category/c4.jpg]
[colorlib.com/preview/theme/karma/img/category/c5.jpg]
[colorlib.com/preview/theme/karma/img/product/p1.jpg]
[colorlib.com/preview/theme/karma/img/product/p2.jpg]
[colorlib.com/preview/theme/karma/img/product/p3.jpg]
[colorlib.com/preview/theme/karma/img/product/p4.jpg]
[colorlib.com/preview/theme/karma/img/product/p5.jpg]
[colorlib.com/preview/theme/karma/img/product/p6.jpg]
[colorlib.com/preview/theme/karma/img/product/p7.jpg]
[colorlib.com/preview/theme/karma/img/product/p8.jpg]
[colorlib.com/preview/theme/karma/img/product/e-p1.png]
[colorlib.com/preview/theme/karma/img/brand/1.png]
[colorlib.com/preview/theme/karma/img/brand/2.png]
[colorlib.com/preview/theme/karma/img/brand/3.png]
[colorlib.com/preview/theme/karma/img/brand/4.png]
[colorlib.com/preview/theme/karma/img/brand/5.png]
[colorlib.com/preview/theme/karma/img/r1.jpg]
[colorlib.com/preview/theme/karma/img/r2.jpg]
[colorlib.com/preview/theme/karma/img/r3.jpg]
[colorlib.com/preview/theme/karma/img/r5.jpg]
[colorlib.com/preview/theme/karma/img/r6.jpg]
[colorlib.com/preview/theme/karma/img/r7.jpg]
[colorlib.com/preview/theme/karma/img/r9.jpg]
[colorlib.com/preview/theme/karma/img/r10.jpg]
[colorlib.com/preview/theme/karma/img/r11.jpg]
[colorlib.com/preview/theme/karma/img/i1.jpg]
[colorlib.com/preview/theme/karma/img/i2.jpg]
[colorlib.com/preview/theme/karma/img/i3.jpg]
[colorlib.com/preview/theme/karma/img/i4.jpg]
[colorlib.com/preview/theme/karma/img/i5.jpg]
[colorlib.com/preview/theme/karma/img/i6.jpg]
[colorlib.com/preview/theme/karma/img/i7.jpg]
[colorlib.com/preview/theme/karma/img/i8.jpg]
[colorlib.com/preview/theme/karma/js/vendor/jquery-2.2.4.min.js]
[cdnjs.cloudflare.com/ajax/libs/popper.js/1.11.0/umd/popper.min.js]
[colorlib.com/preview/theme/karma/js/vendor/bootstrap.min.js]
[colorlib.com/preview/theme/karma/js/jquery.ajaxchimp.min.js]
[colorlib.com/preview/theme/karma/js/jquery.nice-select.min.js]
[colorlib.com/preview/theme/karma/js/jquery.sticky.js]
[colorlib.com/preview/theme/karma/js/nouislider.min.js]
[colorlib.com/preview/theme/karma/js/countdown.js]
[colorlib.com/preview/theme/karma/js/jquery.magnific-popup.min.js]
[colorlib.com/preview/theme/karma/js/owl.carousel.min.js]
[colorlib.com/preview/theme/karma/js/gmaps.min.js]
[colorlib.com/preview/theme/karma/js/main.js]
[colorlib.com/preview/theme/karma/index.html]
[ajax.cloudflare.com/cdn-cgi/scripts/7089c43e/cloudflare-static/rocket-loader.min.js]
[colorlib.com/preview/theme/karma/fonts/Linearicons-Free54e9.eot]
[colorlib.com/preview/theme/karma/fonts/Linearicons-Freed41d.eot]
[colorlib.com/preview/theme/karma/fonts/Linearicons-Free54e9.woff2]
[colorlib.com/preview/theme/karma/fonts/Linearicons-Free54e9.woff]
[colorlib.com/preview/theme/karma/fonts/Linearicons-Free54e9.ttf]
[colorlib.com/preview/theme/karma/css/linearicons.css]
[colorlib.com/preview/theme/karma/fonts/Linearicons-Free54e9.svg]
[colorlib.com/preview/theme/karma/fonts/fontawesome-webfont3e6e.eot]
[colorlib.com/preview/theme/karma/fonts/fontawesome-webfontd41d.eot]
[colorlib.com/preview/theme/karma/fonts/fontawesome-webfont3e6e.woff2]
[colorlib.com/preview/theme/karma/fonts/fontawesome-webfont3e6e.woff]
[colorlib.com/preview/theme/karma/fonts/fontawesome-webfont3e6e.ttf]
[colorlib.com/preview/theme/karma/css/font-awesome.min.css]
[colorlib.com/preview/theme/karma/fonts/fontawesome-webfont3e6e.svg]
[colorlib.com/preview/theme/karma/fonts/themify9f24.eot]
[colorlib.com/preview/theme/karma/fonts/themifyd41d.eot]
[colorlib.com/preview/theme/karma/fonts/themify9f24.woff]
[colorlib.com/preview/theme/karma/fonts/themify9f24.ttf]
[colorlib.com/preview/theme/karma/css/themify-icons.css]
[colorlib.com/preview/theme/karma/css/bootstrap.css]
[colorlib.com/preview/theme/karma/fonts/themify9f24.svg]
[colorlib.com/preview/theme/karma/css/owl.video.play.png]
[colorlib.com/preview/theme/karma/css/owl.carousel.css]
[colorlib.com/preview/theme/karma/css/nice-select.css]
[colorlib.com/preview/theme/karma/css/nouislider.min.css]
[colorlib.com/preview/theme/karma/css/ion.rangeSlider.css]
[colorlib.com/preview/theme/karma/img/sprite-skin-flat.png]
[colorlib.com/preview/theme/karma/css/ion.rangeSlider.skinFlat.css]
[colorlib.com/preview/theme/karma/css/magnific-popup.css]
[colorlib.com/preview/theme/karma/img/elements/primary-check.png]
[colorlib.com/preview/theme/karma/img/elements/success-check.png]
[colorlib.com/preview/theme/karma/img/elements/disabled-check.png]
[colorlib.com/preview/theme/karma/img/elements/primary-radio.png]
[colorlib.com/preview/theme/karma/img/elements/success-radio.png]
[colorlib.com/preview/theme/karma/img/elements/disabled-radio.png]
[colorlib.com/preview/theme/karma/img/banner/banner-bg.jpg]
[colorlib.com/preview/theme/karma/img/banner/common-banner.jpg]
[colorlib.com/preview/theme/karma/img/exclusive.jpg]
[colorlib.com/preview/theme/karma/img/ob1.jpg]
[colorlib.com/preview/theme/karma/img/ob2.jpg]
[colorlib.com/preview/theme/karma/img/ob3.jpg]
[colorlib.com/preview/theme/karma/img/organic-food/ob1.jpg]
[colorlib.com/preview/theme/karma/img/organic-food/ob2.jpg]
[colorlib.com/preview/theme/karma/img/organic-food/ob3.jpg]
[colorlib.com/preview/theme/karma/img/logo/title-line.png]
[colorlib.com/preview/theme/karma/img/logo/discount-shape.svg]
[colorlib.com/preview/theme/karma/css/main.css]
[colorlib.com/preview/theme/karma/img/organic-food/q1.jpg]
[colorlib.com/preview/theme/karma/category.html]
[colorlib.com/preview/theme/karma/img/category/s-p1.jpg]
[colorlib.com/preview/theme/karma/img/product/review-1.png]
[colorlib.com/preview/theme/karma/img/product/review-2.png]
[colorlib.com/preview/theme/karma/img/product/review-3.png]
[colorlib.com/preview/theme/karma/single-product.html]
[colorlib.com/preview/theme/karma/img/product/card.jpg]
[colorlib.com/preview/theme/karma/checkout.html]
[colorlib.com/preview/theme/karma/img/cart.jpg]
[colorlib.com/preview/theme/karma/cart.html]
[colorlib.com/preview/theme/karma/confirmation.html]
[colorlib.com/preview/theme/karma/img/blog/cat-post/cat-post-3.jpg]
[colorlib.com/preview/theme/karma/blog-details.html]
[colorlib.com/preview/theme/karma/img/blog/cat-post/cat-post-2.jpg]
[colorlib.com/preview/theme/karma/img/blog/cat-post/cat-post-1.jpg]
[colorlib.com/preview/theme/karma/img/blog/main-blog/m-blog-1.jpg]
[colorlib.com/preview/theme/karma/img/blog/main-blog/m-blog-2.jpg]
[colorlib.com/preview/theme/karma/img/blog/main-blog/m-blog-3.jpg]
[colorlib.com/preview/theme/karma/img/blog/main-blog/m-blog-4.jpg]
[colorlib.com/preview/theme/karma/img/blog/main-blog/m-blog-5.jpg]
[colorlib.com/preview/theme/karma/img/blog/author.png]
[colorlib.com/preview/theme/karma/img/blog/popular-post/post1.jpg]
[colorlib.com/preview/theme/karma/img/blog/popular-post/post2.jpg]
[colorlib.com/preview/theme/karma/img/blog/popular-post/post3.jpg]
[colorlib.com/preview/theme/karma/img/blog/popular-post/post4.jpg]
[colorlib.com/preview/theme/karma/img/blog/add.jpg]
[colorlib.com/preview/theme/karma/blog.html]
[colorlib.com/preview/theme/karma/img/blog/feature-img1.jpg]
[colorlib.com/preview/theme/karma/img/blog/post-img1.jpg]
[colorlib.com/preview/theme/karma/img/blog/post-img2.jpg]
[colorlib.com/preview/theme/karma/img/blog/prev.jpg]
[colorlib.com/preview/theme/karma/img/blog/next.jpg]
[colorlib.com/preview/theme/karma/img/blog/c1.jpg]
[colorlib.com/preview/theme/karma/img/blog/c2.jpg]
[colorlib.com/preview/theme/karma/img/blog/c3.jpg]
[colorlib.com/preview/theme/karma/img/blog/c4.jpg]
[colorlib.com/preview/theme/karma/img/blog/c5.jpg]
[colorlib.com/preview/theme/karma/single-blog.html]
[colorlib.com/preview/theme/karma/img/login.jpg]
[colorlib.com/preview/theme/karma/registration.html]
[colorlib.com/preview/theme/karma/login.html]
[colorlib.com/preview/theme/karma/tracking.html]
[colorlib.com/preview/theme/karma/img/elements/d.jpg]
[colorlib.com/preview/theme/karma/img/elements/f1.jpg]
[colorlib.com/preview/theme/karma/img/elements/f2.jpg]
[colorlib.com/preview/theme/karma/img/elements/f3.jpg]
[colorlib.com/preview/theme/karma/img/elements/f4.jpg]
[colorlib.com/preview/theme/karma/img/elements/f5.jpg]
[colorlib.com/preview/theme/karma/img/elements/f6.jpg]
[colorlib.com/preview/theme/karma/img/elements/f7.jpg]
[colorlib.com/preview/theme/karma/img/elements/f8.jpg]
[colorlib.com/preview/theme/karma/img/elements/g1.jpg]
[colorlib.com/preview/theme/karma/img/elements/g2.jpg]
[colorlib.com/preview/theme/karma/img/elements/g3.jpg]
[colorlib.com/preview/theme/karma/img/elements/g4.jpg]
[colorlib.com/preview/theme/karma/img/elements/g5.jpg]
[colorlib.com/preview/theme/karma/img/elements/g6.jpg]
[colorlib.com/preview/theme/karma/img/elements/g7.jpg]
[colorlib.com/preview/theme/karma/img/elements/g8.jpg]
[colorlib.com/preview/theme/karma/elements.html]
[colorlib.com/preview/theme/karma/contact.html]
[colorlib.com/preview/theme/karma/fonts/Linearicons-Free54e9.svg]
[colorlib.com/preview/theme/karma/fonts/fontawesome-webfont3e6e.svg]
[colorlib.com/preview/theme/karma/fonts/themify9f24.svg]
[colorlib.com/preview/theme/karma/css/owl.video.play.html]
[colorlib.com/preview/theme/karma/img/sprite-skin-flat.html]
[colorlib.com/preview/theme/karma/img/logo/title-line.html]
[colorlib.com/preview/theme/karma/img/logo/discount-shape.html]
[colorlib.com/preview/theme/karma/blog-details.html]
[colorlib.com/preview/theme/karma/registration.html]
[colorlib.com/cdn-cgi/scripts/5c5dd728/cloudflare-static/email-decode.min.js]
